// Jest Snapshot v1, https://goo.gl/fbAQLP

exports[`<RequestError /> base tests matches snapshot 1`] = `
<div
  className="request-error"
>
  <div
    className="request-error__inner"
  >
    <h3
      className="request-error__text text-c-l-dune"
    >
      Something went wrong, please contact
      <a
        className="request-error__link"
        href="https://www.linkedin.com/in/egor-sorokin-1b13ba105"
        target="_blank"
      >
         administrator
      </a>
    </h3>
  </div>
</div>
`;
