// Jest Snapshot v1, https://goo.gl/fbAQLP

exports[`<About /> base tests matches snapshot 1`] = `
<section
  className="about text-c-mercury-light"
>
  <div
    className="about__item item item--left"
  >
    <div
      className="item__line item__line--top"
    />
    <Logo />
    <div
      className="item__line item__line--bottom"
    />
  </div>
  <div
    className="about__item item item--middle"
  >
    <h1
      className="item__title font-s-36"
    >
      Bob Cat
    </h1>
    <Summary
      summary={
        Array [
          Object {
            "text": "test text",
            "title": "test title",
          },
          Object {
            "text": "test text 2",
            "title": "test title 2",
          },
        ]
      }
    />
  </div>
  <div
    className="about__item item item--right"
  >
    <OrderedList
      items={
        Array [
          Object {
            "id": 1,
            "text": "test text 1",
            "url": "test.urlone",
          },
          Object {
            "id": 2,
            "text": "test text 2",
            "url": "test.urltwo",
          },
        ]
      }
      title="test title"
      type="mask"
    />
  </div>
  <div
    className="button-close"
  >
    <LinkStretched
      cssClasses="button-close__link font-s-12-secondary text-c-mercury-light"
      onClick={[Function]}
      target=""
      text="Close"
      url=""
    />
  </div>
</section>
`;
