// Jest Snapshot v1, https://goo.gl/fbAQLP

exports[`<ButtonExplore /> base tests matches snapshot 1`] = `
<div
  className=" button button--white"
>
  <a
    className="button__link font-s-12"
    href="#projects"
    onClick={[Function]}
  />
</div>
`;

exports[`<Home /> base tests matches snapshot 1`] = `
<section
  className="banner home text-c-mercury-light"
  id="home"
>
  <h3
    className="home__name font-s-36"
  >
    a b
  </h3>
  <ButtonExplore
    cssClasses="home__button-explore"
    onClick={[Function]}
  >
    Explore
  </ButtonExplore>
  <Switcher
    onClick={[Function]}
    switcherLink={
      Object {
        "text": "About",
        "type": "white",
      }
    }
    url=""
  />
</section>
`;
