// Jest Snapshot v1, https://goo.gl/fbAQLP

exports[`<Home /> base tests matches snapshot 1`] = `
<div>
  <section
    className="banner home text-c-mercury-light"
    id="home"
  >
    <h3
      className="home__name font-s-36"
    >
      undefined undefined
    </h3>
    <ButtonExplore
      cssClasses="home__button-explore"
      onClick={[Function]}
    >
      Explore
    </ButtonExplore>
    <Switcher
      data={Object {}}
      onClick={[Function]}
      switcherLink={
        Object {
          "text": "About",
          "type": "white",
        }
      }
    />
  </section>
</div>
`;
